dfiudhfisudhfusidfhsiufe
sefef
sesfefsfe
fs
e
fe
fsef
e
f
wef
wfwefwe
111111111111111111111111111111
